// Jest Snapshot v1, https://goo.gl/fbAQLP

exports[`Search Renders design 1`] = `
<form>
  <fieldset>
    <label>
      Search for Movies:
      <input
        name="search"
        placeholder="enter movie search"
      />
    </label>
    <label>
       
      <button>
        Search
      </button>
    </label>
  </fieldset>
</form>
`;
